// Jest Snapshot v1, https://goo.gl/fbAQLP

exports[`Testing component Counter First snapshot 1`] = `
<h2
  role="counter"
>
  Counter: 
  0
   
</h2>
`;
