// Jest Snapshot v1, https://goo.gl/fbAQLP

exports[`Render the App 1`] = `
<div
  role="app"
>
  <h2
    role="counter"
  >
    Counter: 
    0
     
  </h2>
  <button
    aria-label="add"
  >
    1
  </button>
  <button
    aria-label="reset"
  >
    Reset
  </button>
  <button
    aria-label="rest"
  >
    -1
  </button>
</div>
`;
